Loaded ImageNet-pretrained ResNet-18 weights (120 params mapped)

[camera / unseen_day] 13 scenes, 513 frames
  mAP 0.1410 | GT 10970
    near  mAP 0.2391  (GT 3284)
    mid   mAP 0.0627  (GT 3985)
    far   mAP 0.0124  (GT 3142)

[camera / unseen_night] 3 scenes, 121 frames
  mAP 0.0057 | GT 2956
    near  mAP 0.0063  (GT 980)
    mid   mAP 0.0372  (GT 1274)
    far   mAP 0.0063  (GT 610)
Loaded ImageNet-pretrained ResNet-18 weights (120 params mapped)

[camera_radar / unseen_day] 13 scenes, 513 frames
  mAP 0.1855 | GT 10970 | gate 0.522
    near  mAP 0.2666  (GT 3284)
    mid   mAP 0.1618  (GT 3985)
    far   mAP 0.1020  (GT 3142)

[camera_radar / unseen_night] 3 scenes, 121 frames
  mAP 0.0439 | GT 2956 | gate 0.660
    near  mAP 0.0530  (GT 980)
    mid   mAP 0.0703  (GT 1274)
    far   mAP 0.0783  (GT 610)

==============================================================
                    unseen day    unseen night
--------------------------------------------------------------
camera                  0.1410          0.0057
camera_radar            0.1855          0.0439
==============================================================
day benefit  : +0.0444
night benefit: +0.0382   <-- the Phase 10 claim
mean gate    : day 0.522 -> night 0.660 (NO shift toward radar)

wrote logs/radar_ablation.json
