/Users/manntalati/Documents/Projects/autonomous-driving/.venv/lib/python3.14/site-packages/torch/utils/data/dataloader.py:692: UserWarning: 'pin_memory' argument is set as true but not supported on MPS now, device pinned memory won't be used.
  warnings.warn(warn_msg)
Loaded ImageNet-pretrained ResNet-18 weights (120 params mapped)
Epoch 1/40 | train: 5.6006 | val: 1.3609 | mAP: 0.013 [0.038 0.001 0.000]
Epoch 2/40 | train: 0.6008 | val: 1.1580 | mAP: 0.031 [0.085 0.001 0.007]
Epoch 3/40 | train: 0.4525 | val: 0.9451 | mAP: 0.050 [0.089 0.002 0.060]
Epoch 4/40 | train: 0.4020 | val: 1.1485 | mAP: 0.094 [0.173 0.091 0.018]
Epoch 5/40 | train: 0.3519 | val: 1.1752 | mAP: 0.057 [0.168 0.000 0.002]
Epoch 6/40 | train: 0.3132 | val: 1.7930 | mAP: 0.048 [0.128 0.005 0.010]
Epoch 7/40 | train: 0.2859 | val: 2.6026 | mAP: 0.095 [0.206 0.030 0.050]
Epoch 8/40 | train: 0.2462 | val: 2.6517 | mAP: 0.074 [0.180 0.006 0.036]
Epoch 9/40 | train: 0.2247 | val: 1.7561 | mAP: 0.072 [0.198 0.006 0.012]
Epoch 10/40 | train: 0.2028 | val: 1.8474 | mAP: 0.115 [0.225 0.091 0.031]
Epoch 11/40 | train: 0.1858 | val: 2.2846 | mAP: 0.110 [0.211 0.091 0.028]
Epoch 12/40 | train: 0.1699 | val: 1.6020 | mAP: 0.091 [0.248 0.019 0.007]
Epoch 13/40 | train: 0.1571 | val: 2.2309 | mAP: 0.085 [0.210 0.023 0.022]
Epoch 14/40 | train: 0.1413 | val: 2.2912 | mAP: 0.106 [0.278 0.004 0.036]
Epoch 15/40 | train: 0.1293 | val: 2.6277 | mAP: 0.090 [0.206 0.045 0.019]
Epoch 16/40 | train: 0.1189 | val: 2.6060 | mAP: 0.084 [0.211 0.030 0.010]
Epoch 17/40 | train: 0.1105 | val: 3.2555 | mAP: 0.082 [0.233 0.001 0.013]
Epoch 18/40 | train: 0.0997 | val: 2.8621 | mAP: 0.086 [0.226 0.023 0.010]
Epoch 19/40 | train: 0.0914 | val: 2.8656 | mAP: 0.091 [0.241 0.009 0.023]
Epoch 20/40 | train: 0.0795 | val: 2.6568 | mAP: 0.129 [0.256 0.002 0.127]
Epoch 21/40 | train: 0.0752 | val: 2.6882 | mAP: 0.082 [0.226 0.001 0.019]
Epoch 22/40 | train: 0.0655 | val: 3.2404 | mAP: 0.110 [0.240 0.008 0.083]
Epoch 23/40 | train: 0.0608 | val: 2.7829 | mAP: 0.092 [0.240 0.013 0.024]
Epoch 24/40 | train: 0.0534 | val: 3.6443 | mAP: 0.135 [0.257 0.003 0.143]
Epoch 25/40 | train: 0.0506 | val: 3.3374 | mAP: 0.097 [0.250 0.013 0.029]
Epoch 26/40 | train: 0.0412 | val: 3.7593 | mAP: 0.107 [0.249 0.012 0.060]
Epoch 27/40 | train: 0.0357 | val: 4.1522 | mAP: 0.094 [0.266 0.005 0.012]
Epoch 28/40 | train: 0.0305 | val: 5.3552 | mAP: 0.084 [0.223 0.014 0.016]
Epoch 29/40 | train: 0.0259 | val: 5.3722 | mAP: 0.106 [0.233 0.045 0.039]
Epoch 30/40 | train: 0.0230 | val: 4.9709 | mAP: 0.107 [0.242 0.061 0.018]
Epoch 31/40 | train: 0.0190 | val: 5.3296 | mAP: 0.108 [0.253 0.045 0.025]
Epoch 32/40 | train: 0.0172 | val: 5.5955 | mAP: 0.107 [0.263 0.023 0.036]
Epoch 33/40 | train: 0.0145 | val: 5.8268 | mAP: 0.097 [0.249 0.030 0.010]
Epoch 34/40 | train: 0.0129 | val: 5.9288 | mAP: 0.102 [0.264 0.015 0.025]
Early stopping triggered. Best mAP: 0.135
